// Jest Snapshot v1, https://goo.gl/fbAQLP

exports[`renders correctly 1`] = `
<div>
  <h1
    style={
      Object {
        "textAlign": "center",
      }
    }
  >
    This is the React Web App
  </h1>
  <div
    style={
      Object {
        "alignItems": "center",
        "display": "flex",
        "flexDirection": "column",
        "height": "100px",
        "justifyContent": "space-evenly",
        "padding": "20px",
      }
    }
  >
    What is your name?
    <input
      onChange={[Function]}
      value=""
    />
    <button
      onClick={[Function]}
    >
      Submit
    </button>
  </div>
</div>
`;
