// Jest Snapshot v1, https://goo.gl/fbAQLP

exports[`renders correctly 1`] = `
<div
  style={
    Object {
      "alignItems": "center",
      "display": "flex",
      "flexDirection": "column",
      "height": "100px",
      "justifyContent": "space-evenly",
      "padding": "20px",
    }
  }
>
  What is your name?
  <input
    onChange={[Function]}
    value=""
  />
  <button
    onClick={[Function]}
  >
    Submit
  </button>
</div>
`;
